Archive member included to satisfy reference by file (symbol)

/mnt/c/h/riscv-gcc-10.2.0-gb693c14--200904T1226/bin/../lib/gcc/riscv64-unknown-elf/10.2.0/../../../../riscv64-unknown-elf/lib/rv32im/ilp32/libc.a(lib_a-strnlen.o)
                              /mnt/c/h/scr1-sdk-master/sw/mnist/build.de10lite_scr1.tcm.o2/common/printf.o (strnlen)

Discarded input sections

 .text          0x0000000000000000        0x0 /mnt/c/h/scr1-sdk-master/sw/mnist/build.de10lite_scr1.tcm.o2/common/printf.o
 .data          0x0000000000000000        0x0 /mnt/c/h/scr1-sdk-master/sw/mnist/build.de10lite_scr1.tcm.o2/common/printf.o
 .bss           0x0000000000000000        0x0 /mnt/c/h/scr1-sdk-master/sw/mnist/build.de10lite_scr1.tcm.o2/common/printf.o
 .text.snprintf
                0x0000000000000000       0xa8 /mnt/c/h/scr1-sdk-master/sw/mnist/build.de10lite_scr1.tcm.o2/common/printf.o
 .text          0x0000000000000000        0x0 /mnt/c/h/scr1-sdk-master/sw/mnist/build.de10lite_scr1.tcm.o2/common/syscalls.o
 .data          0x0000000000000000        0x0 /mnt/c/h/scr1-sdk-master/sw/mnist/build.de10lite_scr1.tcm.o2/common/syscalls.o
 .bss           0x0000000000000000        0x0 /mnt/c/h/scr1-sdk-master/sw/mnist/build.de10lite_scr1.tcm.o2/common/syscalls.o
 .text.close    0x0000000000000000        0x8 /mnt/c/h/scr1-sdk-master/sw/mnist/build.de10lite_scr1.tcm.o2/common/syscalls.o
 .text.fstat    0x0000000000000000       0x10 /mnt/c/h/scr1-sdk-master/sw/mnist/build.de10lite_scr1.tcm.o2/common/syscalls.o
 .text.isatty   0x0000000000000000        0x8 /mnt/c/h/scr1-sdk-master/sw/mnist/build.de10lite_scr1.tcm.o2/common/syscalls.o
 .text.lseek    0x0000000000000000        0x8 /mnt/c/h/scr1-sdk-master/sw/mnist/build.de10lite_scr1.tcm.o2/common/syscalls.o
 .text.open     0x0000000000000000        0x8 /mnt/c/h/scr1-sdk-master/sw/mnist/build.de10lite_scr1.tcm.o2/common/syscalls.o
 .text.read     0x0000000000000000       0x60 /mnt/c/h/scr1-sdk-master/sw/mnist/build.de10lite_scr1.tcm.o2/common/syscalls.o
 .text.write    0x0000000000000000       0x54 /mnt/c/h/scr1-sdk-master/sw/mnist/build.de10lite_scr1.tcm.o2/common/syscalls.o
 .text.sbrk     0x0000000000000000       0x58 /mnt/c/h/scr1-sdk-master/sw/mnist/build.de10lite_scr1.tcm.o2/common/syscalls.o
 .sbss.heap_end.0
                0x0000000000000000        0x4 /mnt/c/h/scr1-sdk-master/sw/mnist/build.de10lite_scr1.tcm.o2/common/syscalls.o
 .comment       0x0000000000000000       0x13 /mnt/c/h/scr1-sdk-master/sw/mnist/build.de10lite_scr1.tcm.o2/common/syscalls.o
 .riscv.attributes
                0x0000000000000000       0x21 /mnt/c/h/scr1-sdk-master/sw/mnist/build.de10lite_scr1.tcm.o2/common/syscalls.o
 .text          0x0000000000000000        0x0 /mnt/c/h/scr1-sdk-master/sw/mnist/build.de10lite_scr1.tcm.o2/common/nlib.o
 .data          0x0000000000000000        0x0 /mnt/c/h/scr1-sdk-master/sw/mnist/build.de10lite_scr1.tcm.o2/common/nlib.o
 .bss           0x0000000000000000        0x0 /mnt/c/h/scr1-sdk-master/sw/mnist/build.de10lite_scr1.tcm.o2/common/nlib.o
 .text.console_puthex8
                0x0000000000000000       0x6c /mnt/c/h/scr1-sdk-master/sw/mnist/build.de10lite_scr1.tcm.o2/common/nlib.o
 .text.console_puthex4
                0x0000000000000000       0x24 /mnt/c/h/scr1-sdk-master/sw/mnist/build.de10lite_scr1.tcm.o2/common/nlib.o
 .rodata.abort.str1.4
                0x0000000000000000        0x8 /mnt/c/h/scr1-sdk-master/sw/mnist/build.de10lite_scr1.tcm.o2/common/nlib.o
 .text.unlikely.abort
                0x0000000000000000       0x1c /mnt/c/h/scr1-sdk-master/sw/mnist/build.de10lite_scr1.tcm.o2/common/nlib.o
 .text          0x0000000000000000        0x0 /mnt/c/h/scr1-sdk-master/sw/mnist/build.de10lite_scr1.tcm.o2/common/uart.o
 .data          0x0000000000000000        0x0 /mnt/c/h/scr1-sdk-master/sw/mnist/build.de10lite_scr1.tcm.o2/common/uart.o
 .bss           0x0000000000000000        0x0 /mnt/c/h/scr1-sdk-master/sw/mnist/build.de10lite_scr1.tcm.o2/common/uart.o
 .text.uart_getch_nowait
                0x0000000000000000       0x20 /mnt/c/h/scr1-sdk-master/sw/mnist/build.de10lite_scr1.tcm.o2/common/uart.o
 .text          0x0000000000000000        0x0 /mnt/c/h/scr1-sdk-master/sw/mnist/build.de10lite_scr1.tcm.o2/common/ncrt0.o
 .data          0x0000000000000000        0x0 /mnt/c/h/scr1-sdk-master/sw/mnist/build.de10lite_scr1.tcm.o2/common/ncrt0.o
 .bss           0x0000000000000000        0x0 /mnt/c/h/scr1-sdk-master/sw/mnist/build.de10lite_scr1.tcm.o2/common/ncrt0.o
 .text          0x0000000000000000        0x0 /mnt/c/h/scr1-sdk-master/sw/mnist/build.de10lite_scr1.tcm.o2/mnist.o
 .data          0x0000000000000000        0x0 /mnt/c/h/scr1-sdk-master/sw/mnist/build.de10lite_scr1.tcm.o2/mnist.o
 .bss           0x0000000000000000        0x0 /mnt/c/h/scr1-sdk-master/sw/mnist/build.de10lite_scr1.tcm.o2/mnist.o
 .text          0x0000000000000000        0x0 /mnt/c/h/scr1-sdk-master/sw/mnist/build.de10lite_scr1.tcm.o2/neural_network.o
 .data          0x0000000000000000        0x0 /mnt/c/h/scr1-sdk-master/sw/mnist/build.de10lite_scr1.tcm.o2/neural_network.o
 .bss           0x0000000000000000        0x0 /mnt/c/h/scr1-sdk-master/sw/mnist/build.de10lite_scr1.tcm.o2/neural_network.o
 .text          0x0000000000000000        0x0 /mnt/c/h/scr1-sdk-master/sw/mnist/build.de10lite_scr1.tcm.o2/fix16.o
 .data          0x0000000000000000        0x0 /mnt/c/h/scr1-sdk-master/sw/mnist/build.de10lite_scr1.tcm.o2/fix16.o
 .bss           0x0000000000000000        0x0 /mnt/c/h/scr1-sdk-master/sw/mnist/build.de10lite_scr1.tcm.o2/fix16.o
 .text.fix16_add
                0x0000000000000000       0x24 /mnt/c/h/scr1-sdk-master/sw/mnist/build.de10lite_scr1.tcm.o2/fix16.o
 .text.fix16_sub
                0x0000000000000000       0x24 /mnt/c/h/scr1-sdk-master/sw/mnist/build.de10lite_scr1.tcm.o2/fix16.o
 .text.fix16_sdiv
                0x0000000000000000       0x64 /mnt/c/h/scr1-sdk-master/sw/mnist/build.de10lite_scr1.tcm.o2/fix16.o
 .text.fix16_mod
                0x0000000000000000        0x8 /mnt/c/h/scr1-sdk-master/sw/mnist/build.de10lite_scr1.tcm.o2/fix16.o
 .text          0x0000000000000000        0x0 /mnt/c/h/scr1-sdk-master/sw/mnist/build.de10lite_scr1.tcm.o2/fix16_exp.o
 .data          0x0000000000000000        0x0 /mnt/c/h/scr1-sdk-master/sw/mnist/build.de10lite_scr1.tcm.o2/fix16_exp.o
 .bss           0x0000000000000000        0x0 /mnt/c/h/scr1-sdk-master/sw/mnist/build.de10lite_scr1.tcm.o2/fix16_exp.o
 .text.fix16__log2_inner
                0x0000000000000000       0xcc /mnt/c/h/scr1-sdk-master/sw/mnist/build.de10lite_scr1.tcm.o2/fix16_exp.o
 .text.fix16_log
                0x0000000000000000      0x140 /mnt/c/h/scr1-sdk-master/sw/mnist/build.de10lite_scr1.tcm.o2/fix16_exp.o
 .text.fix16_log2
                0x0000000000000000       0x5c /mnt/c/h/scr1-sdk-master/sw/mnist/build.de10lite_scr1.tcm.o2/fix16_exp.o
 .text.fix16_slog2
                0x0000000000000000       0x5c /mnt/c/h/scr1-sdk-master/sw/mnist/build.de10lite_scr1.tcm.o2/fix16_exp.o
 .data          0x0000000000000000        0x0 /mnt/c/h/riscv-gcc-10.2.0-gb693c14--200904T1226/bin/../lib/gcc/riscv64-unknown-elf/10.2.0/../../../../riscv64-unknown-elf/lib/rv32im/ilp32/libc.a(lib_a-strnlen.o)
 .bss           0x0000000000000000        0x0 /mnt/c/h/riscv-gcc-10.2.0-gb693c14--200904T1226/bin/../lib/gcc/riscv64-unknown-elf/10.2.0/../../../../riscv64-unknown-elf/lib/rv32im/ilp32/libc.a(lib_a-strnlen.o)

Memory Configuration

Name             Origin             Length             Attributes
TCM              0x00000000f0000000 0x0000000000010000 xrw
*default*        0x0000000000000000 0xffffffffffffffff

Linker script and memory map

LOAD /mnt/c/h/scr1-sdk-master/sw/mnist/build.de10lite_scr1.tcm.o2/common/printf.o
LOAD /mnt/c/h/scr1-sdk-master/sw/mnist/build.de10lite_scr1.tcm.o2/common/syscalls.o
LOAD /mnt/c/h/scr1-sdk-master/sw/mnist/build.de10lite_scr1.tcm.o2/common/nlib.o
LOAD /mnt/c/h/scr1-sdk-master/sw/mnist/build.de10lite_scr1.tcm.o2/common/uart.o
LOAD /mnt/c/h/scr1-sdk-master/sw/mnist/build.de10lite_scr1.tcm.o2/common/ncrt0.o
LOAD /mnt/c/h/scr1-sdk-master/sw/mnist/build.de10lite_scr1.tcm.o2/mnist.o
LOAD /mnt/c/h/scr1-sdk-master/sw/mnist/build.de10lite_scr1.tcm.o2/neural_network.o
LOAD /mnt/c/h/scr1-sdk-master/sw/mnist/build.de10lite_scr1.tcm.o2/fix16.o
LOAD /mnt/c/h/scr1-sdk-master/sw/mnist/build.de10lite_scr1.tcm.o2/fix16_exp.o
LOAD /mnt/c/h/riscv-gcc-10.2.0-gb693c14--200904T1226/bin/../lib/gcc/riscv64-unknown-elf/10.2.0/../../../../riscv64-unknown-elf/lib/rv32im/ilp32/libm.a
LOAD /mnt/c/h/riscv-gcc-10.2.0-gb693c14--200904T1226/bin/../lib/gcc/riscv64-unknown-elf/10.2.0/../../../../riscv64-unknown-elf/lib/rv32im/ilp32/libc.a
LOAD /mnt/c/h/riscv-gcc-10.2.0-gb693c14--200904T1226/bin/../lib/gcc/riscv64-unknown-elf/10.2.0/rv32im/ilp32/libgcc.a
                0x0000000000000800                STACK_SIZE = 0x800

.text.crt       0x00000000f0000000       0x60
 *(.text.crt*)
 .text.crt      0x00000000f0000000       0x60 /mnt/c/h/scr1-sdk-master/sw/mnist/build.de10lite_scr1.tcm.o2/common/ncrt0.o
                0x00000000f0000000                _start

.text           0x00000000f0000060     0x13f4
                [!provide]                        PROVIDE (__TEXT_START__ = .)
 *(.text .text.*)
 .text.vfprintf
                0x00000000f0000060      0x7d0 /mnt/c/h/scr1-sdk-master/sw/mnist/build.de10lite_scr1.tcm.o2/common/printf.o
 .text.printf   0x00000000f0000830       0x4c /mnt/c/h/scr1-sdk-master/sw/mnist/build.de10lite_scr1.tcm.o2/common/printf.o
                0x00000000f0000830                printf
 .text.puts     0x00000000f000087c       0x3c /mnt/c/h/scr1-sdk-master/sw/mnist/build.de10lite_scr1.tcm.o2/common/printf.o
                0x00000000f000087c                puts
 .text.putchar  0x00000000f00008b8       0x48 /mnt/c/h/scr1-sdk-master/sw/mnist/build.de10lite_scr1.tcm.o2/common/nlib.o
                0x00000000f00008b8                putchar
 .text.console_puthex16
                0x00000000f0000900       0xac /mnt/c/h/scr1-sdk-master/sw/mnist/build.de10lite_scr1.tcm.o2/common/nlib.o
                0x00000000f0000900                console_puthex16
 .text.console_puthex32
                0x00000000f00009ac       0xb4 /mnt/c/h/scr1-sdk-master/sw/mnist/build.de10lite_scr1.tcm.o2/common/nlib.o
                0x00000000f00009ac                console_puthex32
 .text.console_putstr
                0x00000000f0000a60       0x70 /mnt/c/h/scr1-sdk-master/sw/mnist/build.de10lite_scr1.tcm.o2/common/nlib.o
                0x00000000f0000a60                console_putstr
 .text.exit     0x00000000f0000ad0       0x2c /mnt/c/h/scr1-sdk-master/sw/mnist/build.de10lite_scr1.tcm.o2/common/nlib.o
                0x00000000f0000ad0                exit
 .text.c_start  0x00000000f0000afc       0x4c /mnt/c/h/scr1-sdk-master/sw/mnist/build.de10lite_scr1.tcm.o2/common/nlib.o
                0x00000000f0000afc                c_start
 .text.scr_uart_init
                0x00000000f0000b48       0x3c /mnt/c/h/scr1-sdk-master/sw/mnist/build.de10lite_scr1.tcm.o2/common/uart.o
                0x00000000f0000b48                scr_uart_init
 .text.uart_putchar
                0x00000000f0000b84       0x1c /mnt/c/h/scr1-sdk-master/sw/mnist/build.de10lite_scr1.tcm.o2/common/uart.o
                0x00000000f0000b84                console_putc
                0x00000000f0000b84                uart_putchar
 .text.calculate_accuracy
                0x00000000f0000ba0      0x174 /mnt/c/h/scr1-sdk-master/sw/mnist/build.de10lite_scr1.tcm.o2/mnist.o
                0x00000000f0000ba0                calculate_accuracy
 .text.startup.main
                0x00000000f0000d14       0xec /mnt/c/h/scr1-sdk-master/sw/mnist/build.de10lite_scr1.tcm.o2/mnist.o
                0x00000000f0000d14                main
 .text.neural_network_softmax
                0x00000000f0000e00      0x130 /mnt/c/h/scr1-sdk-master/sw/mnist/build.de10lite_scr1.tcm.o2/neural_network.o
                0x00000000f0000e00                neural_network_softmax
 .text.neural_network_hypothesis
                0x00000000f0000f30       0xd0 /mnt/c/h/scr1-sdk-master/sw/mnist/build.de10lite_scr1.tcm.o2/neural_network.o
                0x00000000f0000f30                neural_network_hypothesis
 .text.fix16_sadd
                0x00000000f0001000       0x38 /mnt/c/h/scr1-sdk-master/sw/mnist/build.de10lite_scr1.tcm.o2/fix16.o
                0x00000000f0001000                fix16_sadd
 .text.fix16_ssub
                0x00000000f0001038       0x38 /mnt/c/h/scr1-sdk-master/sw/mnist/build.de10lite_scr1.tcm.o2/fix16.o
                0x00000000f0001038                fix16_ssub
 .text.fix16_mul
                0x00000000f0001070       0x80 /mnt/c/h/scr1-sdk-master/sw/mnist/build.de10lite_scr1.tcm.o2/fix16.o
                0x00000000f0001070                fix16_mul
 .text.fix16_smul
                0x00000000f00010f0       0x9c /mnt/c/h/scr1-sdk-master/sw/mnist/build.de10lite_scr1.tcm.o2/fix16.o
                0x00000000f00010f0                fix16_smul
 .text.fix16_div
                0x00000000f000118c      0x11c /mnt/c/h/scr1-sdk-master/sw/mnist/build.de10lite_scr1.tcm.o2/fix16.o
                0x00000000f000118c                fix16_div
 .text.fix16_exp
                0x00000000f00012a8      0x174 /mnt/c/h/scr1-sdk-master/sw/mnist/build.de10lite_scr1.tcm.o2/fix16_exp.o
                0x00000000f00012a8                fix16_exp
 .text          0x00000000f000141c       0x38 /mnt/c/h/riscv-gcc-10.2.0-gb693c14--200904T1226/bin/../lib/gcc/riscv64-unknown-elf/10.2.0/../../../../riscv64-unknown-elf/lib/rv32im/ilp32/libc.a(lib_a-strnlen.o)
                0x00000000f000141c                strnlen
                [!provide]                        PROVIDE (__TEXT_END__ = .)

.rodata         0x00000000f0001454        0x0
                0x00000000f0001c54                _gp = (. + 0x800)
                0x00000000f0001c54                __global_pointer$ = (. + 0x800)
 *(.srodata.cst16)
 *(.srodata.cst8)
 *(.srodata.cst4)
 *(.srodata.cst2)
 *(.srodata*)

.rodata.vfprintf
                0x00000000f0001454       0x44
 .rodata.vfprintf
                0x00000000f0001454       0x44 /mnt/c/h/scr1-sdk-master/sw/mnist/build.de10lite_scr1.tcm.o2/common/printf.o

.rodata.exit.str1.4
                0x00000000f0001498        0x7
 .rodata.exit.str1.4
                0x00000000f0001498        0x7 /mnt/c/h/scr1-sdk-master/sw/mnist/build.de10lite_scr1.tcm.o2/common/nlib.o

.rodata.main.str1.4
                0x00000000f00014a0      0x11f
 .rodata.main.str1.4
                0x00000000f00014a0      0x11f /mnt/c/h/scr1-sdk-master/sw/mnist/build.de10lite_scr1.tcm.o2/mnist.o

.rela.dyn       0x00000000f00015c0        0x0
 .rela.text.putchar
                0x00000000f00015c0        0x0 /mnt/c/h/scr1-sdk-master/sw/mnist/build.de10lite_scr1.tcm.o2/common/printf.o
 .rela.text.console_puthex16
                0x00000000f00015c0        0x0 /mnt/c/h/scr1-sdk-master/sw/mnist/build.de10lite_scr1.tcm.o2/common/printf.o
 .rela.text.console_puthex32
                0x00000000f00015c0        0x0 /mnt/c/h/scr1-sdk-master/sw/mnist/build.de10lite_scr1.tcm.o2/common/printf.o
 .rela.text.console_putstr
                0x00000000f00015c0        0x0 /mnt/c/h/scr1-sdk-master/sw/mnist/build.de10lite_scr1.tcm.o2/common/printf.o
 .rela.text.crt
                0x00000000f00015c0        0x0 /mnt/c/h/scr1-sdk-master/sw/mnist/build.de10lite_scr1.tcm.o2/common/printf.o

.sdata          0x00000000f00015bf        0x0
                [!provide]                        PROVIDE (__DATA_START__ = .)
 *(.sdata .sdata.* .gnu.linkonce.s.*)

.data           0x00000000f00015c0     0x2ee0
 *(.data .data.*)
 .data.mnist_images
                0x00000000f00015c0     0x2648 /mnt/c/h/scr1-sdk-master/sw/mnist/build.de10lite_scr1.tcm.o2/mnist.o
                0x00000000f00015c0                mnist_images
 .data.mnist_labels
                0x00000000f0003c08       0xc8 /mnt/c/h/scr1-sdk-master/sw/mnist/build.de10lite_scr1.tcm.o2/mnist.o
                0x00000000f0003c08                mnist_labels
 .data.network_db
                0x00000000f0003cd0      0x7d0 /mnt/c/h/scr1-sdk-master/sw/mnist/build.de10lite_scr1.tcm.o2/mnist.o
                0x00000000f0003cd0                network_db
                0x00000000f00044a0                . = ALIGN (0x4)
                [!provide]                        PROVIDE (__DATA_END__ = .)

.sbss           0x00000000f00044a0        0x8
                0x00000000f00044a0                PROVIDE (__BSS_START__ = .)
 *(.sbss .sbss.* .gnu.linkonce.sb.*)
 .sbss.max_inf_time_h
                0x00000000f00044a0        0x4 /mnt/c/h/scr1-sdk-master/sw/mnist/build.de10lite_scr1.tcm.o2/mnist.o
                0x00000000f00044a0                max_inf_time_h
 .sbss.max_inf_time_l
                0x00000000f00044a4        0x4 /mnt/c/h/scr1-sdk-master/sw/mnist/build.de10lite_scr1.tcm.o2/mnist.o
                0x00000000f00044a4                max_inf_time_l
 *(.scommon)

.bss            0x00000000f00044a8        0x0
 *(.bss .bss.*)
                0x00000000f00044a8                . = ALIGN (0x4)
                0x00000000f00044a8                PROVIDE (__BSS_END__ = .)
                0x00000000f00044b0                . = ALIGN (0x10)
                0x00000000f00044b0                _end = .
                [!provide]                        PROVIDE (__end = .)

.stack          0x00000000f000f800      0x800
                0x00000000f000f800                PROVIDE (__STACK_START__ = .)
                0x00000000f0010000                . = (. + STACK_SIZE)
 *fill*         0x00000000f000f800      0x800 
                0x00000000f0010000                PROVIDE (__C_STACK_TOP__ = .)
                [!provide]                        PROVIDE (__STACK_END__ = .)

/DISCARD/
 *(.eh_frame .eh_frame.*)
OUTPUT(/mnt/c/h/scr1-sdk-master/sw/mnist/build.de10lite_scr1.tcm.o2/mnist.elf elf32-littleriscv)

.comment        0x0000000000000000       0x12
 .comment       0x0000000000000000       0x12 /mnt/c/h/scr1-sdk-master/sw/mnist/build.de10lite_scr1.tcm.o2/common/printf.o
                                         0x13 (size before relaxing)
 .comment       0x0000000000000012       0x13 /mnt/c/h/scr1-sdk-master/sw/mnist/build.de10lite_scr1.tcm.o2/common/nlib.o
 .comment       0x0000000000000012       0x13 /mnt/c/h/scr1-sdk-master/sw/mnist/build.de10lite_scr1.tcm.o2/common/uart.o
 .comment       0x0000000000000012       0x13 /mnt/c/h/scr1-sdk-master/sw/mnist/build.de10lite_scr1.tcm.o2/mnist.o
 .comment       0x0000000000000012       0x13 /mnt/c/h/scr1-sdk-master/sw/mnist/build.de10lite_scr1.tcm.o2/neural_network.o
 .comment       0x0000000000000012       0x13 /mnt/c/h/scr1-sdk-master/sw/mnist/build.de10lite_scr1.tcm.o2/fix16.o
 .comment       0x0000000000000012       0x13 /mnt/c/h/scr1-sdk-master/sw/mnist/build.de10lite_scr1.tcm.o2/fix16_exp.o
 .comment       0x0000000000000012       0x13 /mnt/c/h/riscv-gcc-10.2.0-gb693c14--200904T1226/bin/../lib/gcc/riscv64-unknown-elf/10.2.0/../../../../riscv64-unknown-elf/lib/rv32im/ilp32/libc.a(lib_a-strnlen.o)

.riscv.attributes
                0x0000000000000000       0x25
 .riscv.attributes
                0x0000000000000000       0x21 /mnt/c/h/scr1-sdk-master/sw/mnist/build.de10lite_scr1.tcm.o2/common/printf.o
 .riscv.attributes
                0x0000000000000021       0x21 /mnt/c/h/scr1-sdk-master/sw/mnist/build.de10lite_scr1.tcm.o2/common/nlib.o
 .riscv.attributes
                0x0000000000000042       0x21 /mnt/c/h/scr1-sdk-master/sw/mnist/build.de10lite_scr1.tcm.o2/common/uart.o
 .riscv.attributes
                0x0000000000000063       0x23 /mnt/c/h/scr1-sdk-master/sw/mnist/build.de10lite_scr1.tcm.o2/common/ncrt0.o
 .riscv.attributes
                0x0000000000000086       0x25 /mnt/c/h/scr1-sdk-master/sw/mnist/build.de10lite_scr1.tcm.o2/mnist.o
 .riscv.attributes
                0x00000000000000ab       0x21 /mnt/c/h/scr1-sdk-master/sw/mnist/build.de10lite_scr1.tcm.o2/neural_network.o
 .riscv.attributes
                0x00000000000000cc       0x21 /mnt/c/h/scr1-sdk-master/sw/mnist/build.de10lite_scr1.tcm.o2/fix16.o
 .riscv.attributes
                0x00000000000000ed       0x21 /mnt/c/h/scr1-sdk-master/sw/mnist/build.de10lite_scr1.tcm.o2/fix16_exp.o
 .riscv.attributes
                0x000000000000010e       0x21 /mnt/c/h/riscv-gcc-10.2.0-gb693c14--200904T1226/bin/../lib/gcc/riscv64-unknown-elf/10.2.0/../../../../riscv64-unknown-elf/lib/rv32im/ilp32/libc.a(lib_a-strnlen.o)
